# 1. MongoDB的用户和角色权限简介

默认情况下，MongoDB实例启动运行时是没有启用用户访问权限控制的，也就是说，在实例本机服务器上都可以随意连接到实例进行各种操作，MongoDB不会对连接客户端进行用户验证，这是非常危险的。

mongodb官网上说，为了能保障mongodb的安全可以做以下几个步骤：

1. 使用新的端口，默认的27017端口如果一旦知道了ip就能连接上，不太安全。
2. 设置mongodb的网络环境，最好将mongodb部署到公司服务器内网，这样外网是访问不到的。公司内部访问使用vpn等。
3. 开启安全认证。认证要同时设置服务器之间的内部认证方式，同时要设置客户端连接到集群的账号 密码认证方式。

为了强制开启用户访问控制(用户验证)，则需要在MongoDB实例启动时使用选项 --auth 或在指定启动 配置文件中添加选项 auth=true 。

在开始之前需要了解一下概念

1. 启用访问控制：

MongoDB使用的是基于角色的访问控制(Role-Based Access Control,RBAC)来管理用户对实例的访问。 通过对用户授予一个或多个角色来控制用户访问数据库资源的权限和数据库操作的权限，在对用户分配 角色之前，用户无法访问实例。

在实例启动时添加选项 --auth 或指定启动配置文件中添加选项 auth=true 。

2. 角色：

在MongoDB中通过角色对用户授予相应数据库资源的操作权限，每个角色当中的权限可以显式指定， 也可以通过继承其他角色的权限，或者两都都存在的权限。

3. 权限：

权限由指定的数据库资源(resource)以及允许在指定资源上进行的操作(action)组成。

	-  资源(resource)包括：数据库、集合、部分集合和集群；
	-   操作(action)包括：对资源进行的增、删、改、查(CRUD)操作。

在角色定义时可以包含一个或多个已存在的角色，新创建的角色会继承包含的角色所有的权限。在同一 个数据库中，新创建角色可以继承其他角色的权限，在 admin 数据库中创建的角色可以继承在其它任意 数据库中角色的权限。

关于角色权限的查看，可以通过如下命令查询（了解）：

```
// 查询所有角色权限(仅用户自定义角色)
> db.runCommand({ rolesInfo: 1 })

// 查询所有角色权限(包含内置角色)
> db.runCommand({ rolesInfo: 1, showBuiltinRoles: true })

// 查询当前数据库中的某角色的权限
> db.runCommand({ rolesInfo: "<rolename>" })

// 查询其它数据库中指定的角色权限
> db.runCommand({ rolesInfo: { role: "<rolename>", db: "<database>" }}

// 查询多个角色权限
> db.runCommand(
	{
		rolesInfo: [
			"<rolename>",
			{ role: "<rolename>", db: "<database>" },
			...
		]
	}
)
```

示例： 

查看所有内置角色：

```
> db.runCommand({ rolesInfo: 1, showBuiltinRoles: true })
{
  roles: [
    {
      role: 'clusterManager',
      db: 'admin',
      isBuiltin: true,
      roles: [],
      inheritedRoles: []
    },
    {
      role: 'dbOwner',
      db: 'admin',
      isBuiltin: true,
      roles: [],
      inheritedRoles: []
    },
    {
      role: 'clusterMonitor',
      db: 'admin',
      isBuiltin: true,
      roles: [],
      inheritedRoles: []
    },
    {
      role: 'dbAdminAnyDatabase',
      db: 'admin',
      isBuiltin: true,
      roles: [],
      inheritedRoles: []
    },
    {
      role: '__queryableBackup',
      db: 'admin',
      isBuiltin: true,
      roles: [],
      inheritedRoles: []
    },
    {
      role: 'restore',
      db: 'admin',
      isBuiltin: true,
      roles: [],
      inheritedRoles: []
    },
    {
      role: 'userAdminAnyDatabase',
      db: 'admin',
      isBuiltin: true,
      roles: [],
      inheritedRoles: []
    },
    {
      role: 'backup',
      db: 'admin',
      isBuiltin: true,
      roles: [],
      inheritedRoles: []
    },
    {
      role: 'dbAdmin',
      db: 'admin',
      isBuiltin: true,
      roles: [],
      inheritedRoles: []
    },
    {
      role: 'readWrite',
      db: 'admin',
      isBuiltin: true,
      roles: [],
      inheritedRoles: []
    },
    {
      role: '__system',
      db: 'admin',
      isBuiltin: true,
      roles: [],
      inheritedRoles: []
    },
    {
      role: 'root',
      db: 'admin',
      isBuiltin: true,
      roles: [],
      inheritedRoles: []
    },
    {
      role: 'readAnyDatabase',
      db: 'admin',
      isBuiltin: true,
      roles: [],
      inheritedRoles: []
    },
    {
      role: 'read',
      db: 'admin',
      isBuiltin: true,
      roles: [],
      inheritedRoles: []
    },
    {
      role: 'readWriteAnyDatabase',
      db: 'admin',
      isBuiltin: true,
      roles: [],
      inheritedRoles: []
    },
    {
      role: 'directShardOperations',
      db: 'admin',
      isBuiltin: true,
      roles: [],
      inheritedRoles: []
    },
    {
      role: 'enableSharding',
      db: 'admin',
      isBuiltin: true,
      roles: [],
      inheritedRoles: []
    },
    {
      role: 'hostManager',
      db: 'admin',
      isBuiltin: true,
      roles: [],
      inheritedRoles: []
    },
    {
      role: 'clusterAdmin',
      db: 'admin',
      isBuiltin: true,
      roles: [],
      inheritedRoles: []
    },
    {
      role: 'userAdmin',
      db: 'admin',
      isBuiltin: true,
      roles: [],
      inheritedRoles: []
    }
  ],
  ok: 1
}
```

常用的内置角色：

- 数据库用户角色：read、readWrite;
- 所有数据库用户角色：readAnyDatabase、readWriteAnyDatabase、userAdminAnyDatabase、dbAdminAnyDatabase

- 数据库管理角色：dbAdmin、dbOwner、userAdmin；
- 集群管理角色：clusterAdmin、clusterManager、clusterMonitor、hostManager；
- 备份恢复角色：backup、restore；
- 超级用户角色：root
- 内部角色：system

角色说明：

| 角色                 | 权限描述                                                     |
| -------------------- | ------------------------------------------------------------ |
| read                 | 可以读取**指定**数据库中任何数据。                           |
| readWrite            | 可以读写**指定**数据库中任何数据，包括创建、重命名、删除集合。 |
| readAnyDatabase      | 可以读取**所有**数据库中任何数据(除了数据库config和local之外)。 |
| readWriteAnyDatabase | 可以读写**所有**数据库中任何数据(除了数据库config和local之外)。 |
| userAdminAnyDatabase | 可以在**指定**数据库创建和修改用户(除了数据库config和local之外)。 |
| dbAdminAnyDatabase   | 可以读取**任何**数据库以及对数据库进行清理、修改、压缩、获取统 计信息、执行检查等操作(除了数据库config和local之外)。 |
| dbAdmin              | 可以读取**指定**数据库以及对数据库进行清理、修改、压缩、获取统 计信息、执行检查等操作。 |
| userAdmin            | 可以在**指定**数据库创建和修改用户。                         |
| clusterAdmin         | 可以对**整个集群或数据库**系统进行管理操作。                 |
| backup               | 备份MongoDB数据最小的权限。                                  |
| restore              | 从备份文件中还原恢复MongoDB数据(除了system.profile集合)的 权限。 |
| root                 | 超级账号，超级权限                                           |



# 2 单实例环境

目标：对单实例的MongoDB服务开启安全认证，这里的单实例指的是未开启副本集或分片的MongoDB 实例。

## 2.1 关闭已开启的服务（可选）

增加mongod的单实例的安全认证功能，可以在服务搭建的时候直接添加，也可以在之前搭建好的服务 上添加。

本文使用之前搭建好的服务，因此，先停止之前的服务 停止服务的方式有两种：快速关闭和标准关闭，下面依次说明：

1. 快速关闭方法（快速，简单，数据可能会出错）

目标：通过系统的kill命令直接杀死进程： 

杀完要检查一下，避免有的没有杀掉

```
#通过进程编号关闭节点
kill -2 54410
```

【补充】 

如果一旦是因为数据损坏，则需要进行如下操作（了解）：

	1. 删除lock文件：

```
rm -f /mongodb/single/data/db/*.lock
```

2. 修复数据：

```
/usr/local/mongodb/bin/mongod --repair --dbpath=/mongodb/single/data/db
```

2. 标准的关闭方法（数据不容易出错，但麻烦）：

目标：通过mongo客户端中的shutdownServer命令来关闭服务

主要的操作步骤参考如下：

```
//客户端登录服务，注意，这里通过localhost登录，如果需要远程登录，必须先登录认证才行。
mongo --port 27017
//#切换到admin库
use admin
//关闭服务
db.shutdownServer()
```

## 2.2 添加用户和权限

1. 先按照普通无授权认证的配置，来配置服务端的配置文件 /mongodb/single/mongod.conf ： （参考，复用之前课程的）

```
systemLog:
    # MongoDB发送所有日志输出的目标指定为文件
    destination: file
    # mongod或mongos应向其发送所有诊断日志记录信息的日志文件的路径
    path: "d:\sql\mongodb\data\db\mongod.log"
    # 当mongos或mongod实例重新启动时，mongos或mongod会将新条目附加到现有日志文件的末尾。
    logAppend: true
storage:
    # mongod实例存储其数据的目录。storage.dbPath设置仅适用于mongod。
    dbPath: "d:\sql\mongodb\data\db"
    journal:
    # 启用或禁用持久性日志以确保数据文件保持有效和可恢复。
    enabled: true
# processManagement:
#     # 启用在后台运行mongos或mongod进程的守护进程模式。
#     fork: true
#     # 指定用于保存mongos或mongod进程的进程ID的文件位置，其中mongos或mongod将写入其PID
# 	pidFilePath: "/mongodb/single/log/mongod.pid"
net:
    # 服务实例绑定的IP
    bindIp: localhost,
    # 绑定的端口
    port: 27017
```

2. 按之前未开启认证的方式（不添加 --auth 参数）来启动MongoDB服务：

```
/usr/local/mongodb/bin/mongod -f /mongodb/single/mongod.conf
```

提示： 

在操作用户时，启动mongod服务时尽量不要开启授权。

3. 使用Mongo客户端登录：

```
/usr/local/mongodb/bin/mongo --host 180.76.159.126 --port 27017
```

4. 创建两个管理员用户，一个是系统的超级管理员 myroot ，一个是admin库的管理用户 myadmin ：

```
// 切换到admin库
test> use admin
switched to db admin

// 创建系统超级用户 myroot,设置密码123456，设置角色root
admin> db.createUser({user: "myroot",pwd: "123456",roles: [{ "role" : "root", "db" : "admin" } ]})
//或
admin> db.createUser({user: "myroot", pwd: "123456", roles: ["root"]})
{ ok: 1 }

// 创建专门用来管理admin库的账号myadmin，只用来作为用户权限的管理
admin> db.createUser({user: "myadmin", pwd: "123456",roles: [{role: "userAdminAnyDatabase", db: "admin"}]})
{ ok: 1 }
```

查看已经创建了的用户的情况：

```
//查看已经创建了的用户的情况：
admin> db.system.users.find()
[
  {
    _id: 'admin.myroot',
    userId: new UUID("7c6d081e-af1d-4022-8d5f-05c75bcb5cb1"),
    user: 'myroot',
    db: 'admin',
    credentials: {
      'SCRAM-SHA-1': {
        iterationCount: 10000,
        salt: 'K10Zqpoa4340QUgY2IxekA==',
        storedKey: 'Ke00g78waYXYZ+k9yTNdosfoyi8=',
        serverKey: 'Hiesx2s3f0+7AX6IVjqWC9iC9jc='
      },
      'SCRAM-SHA-256': {
        iterationCount: 15000,
        salt: 'hTK3B1kemtOmGL4al5DNtNs5rWFGaim4BK27pA==',
        storedKey: 'ijWC96eaaLkHPU7xAbdmuNP1BxZDwSnT+M7kzf+9VLY=',
        serverKey: 'IzaY0B5nh653wEzQmi5wiQoxPMrcCkqMRKZcDvksA/g='
      }
    },
    roles: [ { role: 'root', db: 'admin' } ]
  },
  {
    _id: 'admin.myadmin',
    userId: new UUID("63133b57-76aa-4f78-aa20-3f9fd145fc58"),
    user: 'myadmin',
    db: 'admin',
    credentials: {
      'SCRAM-SHA-1': {
        iterationCount: 10000,
        salt: 'emv8d+ab0zjAhjCKxhkGQA==',
        storedKey: 'MOPk0aOj6XSi01KS5GqsCVLZ40I=',
        serverKey: '4eaakNiVW13DG0m4brBZlqgjoCI='
      },
      'SCRAM-SHA-256': {
        iterationCount: 15000,
        salt: 'MEAJs5PAeQXat7QWISB8rsCohw4j7Asjy0NMww==',
        storedKey: 'Lrr7OuI2tGFyeuE46V9mS5/0ZVRKsBkufmLu+YE7kL0=',
        serverKey: 'mnbG5r2FJqr5f0WzAx4EWadIcToWMhGYueqJYRp6U2w='
      }
    },
    roles: [ { role: 'userAdminAnyDatabase', db: 'admin' } ]
  }
]
```

删除用户

```
// 删除用户
admin> db.dropUser("myadmin")
{ ok: 1 }
```

修改密码

```
// 修改密码
admin> db.changeUserPassword("myroot", "123456")
{ ok: 1 }
```

提示：

- 本案例创建了两个用户，分别对应超管和专门用来管理用户的角色，事实上，你只需要一个用户即 可。如果你对安全要求很高，防止超管泄漏，则不要创建超管用户。

- 和其它数据库（MySQL）一样，权限的管理都差不多一样，也是将用户和权限信息保存到数据库对 应的表中。Mongodb存储所有的用户信息在admin 数据库的集合system.users中，保存用户名、密码 和数据库信息。

- 如果不指定数据库，则创建的指定的权限的用户在所有的数据库上有效，如 {role: "userAdminAnyDatabase", db:""}

5. 认证测试

测试添加的用户是否正确

```
// 切换到admin
admin> use admin

// 密码输错
admin> db.auth("myroot","12345")
MongoServerError: Authentication failed.

// 密码正确
admin> db.auth("myroot","123456")
{ ok: 1 }
```

6. 创建普通用户

创建普通用户可以在没有开启认证的时候添加，也可以在开启认证之后添加，但开启认证之后，必须使 用有操作admin库的用户登录认证后才能操作。底层都是将用户信息保存在了admin数据库的集合 system.users中。

```
//创建(切换)将来要操作的数据库articledb,
> use articledb
switched to db articledb

//创建用户，拥有articledb数据库的读写权限readWrite，密码是123456
> db.createUser({user: "bobo", pwd: "123456", roles: [{ role: "readWrite", db: "articledb"}]})
{ ok: 1 }

//> db.createUser({user: "bobo", pwd: "123456", roles: ["readWrite"]})

//测试是否可用
> db.auth("bobo","123456")
{ ok: 1 }
```

提示：

如果开启了认证后，登录的客户端的用户必须使用admin库的角色，如拥有root角色的myadmin用 户，再通过myadmin用户去创建其他角色的用户 3.2.3 服务端开启认证和客户端连接登

## 2.3 服务端开启认证和客户端连接登录

1. 关闭已经启动的服务

- 使用linux命令杀死进程：

```
[root@bobohost single]# ps -ef |grep mongo
root 23482 1 0 08:08 ? 00:00:55 /usr/local/mongodb/bin/mongod -f /mongodb/single/mongod.conf
[root@bobohost single]# kill -2 23482
```

- 在mongo客户端中使用shutdownServer命令来关闭。

```
> db.shutdownServer()
shutdown command only works with the admin database; try 'use admin'
> use admin
switched to db admin
> db.shutdownServer()
2019-08-14T11:20:16.450+0800 E QUERY [js] Error: shutdownServer failed: {
"ok" : 0,
"errmsg" : "shutdown must run from localhost when running db without
auth",
"code" : 13,
"codeName" : "Unauthorized"
} :
_getErrorWithCode@src/mongo/shell/utils.js:25:13
DB.prototype.shutdownServer@src/mongo/shell/db.js:453:1
@(shell):1:1
```

需要几个条件：

- 必须是在admin库下执行该关闭服务命令。
- 如果没有开启认证，必须是从localhost登陆的，才能执行关闭服务命令。
- 非localhost的、通过远程登录的，必须有登录且必须登录用户有对admin操作权限才可以。

2. 以开启认证的方式启动服务

有两种方式开启权限认证启动服务：一种是参数方式，一种是配置文件方式。

- 参数方式

在启动时指定参数 --auth ，如：

```
mongod --dbpath=..\data\db --auth
```

- 配置文件方式

在mongod.conf配置文件中加入：

```
security:
	# 开启授权认证
	authorization: enabled
```

启动时可不加 --auth 参数：

```
mongod --config ../config/mongod.conf
```

3. 开启了认证的情况下的客户端登录

有两种认证方式，一种是先登录，在mongo shell中认证；一种是登录时直接认证。

- 先连接再认证

```
> mongosh --host=127.0.0.1 --port=27017
Current Mongosh Log ID: 63db6ab6ab5b43e3183d9a5f
Connecting to:          mongodb://127.0.0.1:27017/?directConnection=true&serverSelectionTimeoutMS=2000&appName=mongosh+1.6.2
Using MongoDB:          6.0.4
Using Mongosh:          1.6.2
>
```

提示：

开启认证后再登录，发现打印的日志比较少了。

相关操作需要认证才可以：

查询admin库中的system.users集合的用户：

```
> use admin
switched to db admin
> db.system.users.find()
MongoServerError: command find requires authentication # 失败
> db.auth("myroot","123456")							# 登录
{ ok: 1 }
> db.system.users.find()								# 成功
[
  {
    _id: 'admin.myroot',
    userId: new UUID("7c6d081e-af1d-4022-8d5f-05c75bcb5cb1"),
    user: 'myroot',
    db: 'admin',
    credentials: {
      'SCRAM-SHA-1': {
        iterationCount: 10000,
        salt: 'rqrv8iDLHO2ChOmsTXqf8w==',
        storedKey: 'KNrRyJg2ErUIInY5RqxO49KW07g=',
        serverKey: '6b52nYV03hOZ/MbtJBt4KJvoESo='
      },
      'SCRAM-SHA-256': {
        iterationCount: 15000,
        salt: 'lwTtHGOGwA+q276T9nO3s+W33NUWJfZ3pJHuMQ==',
        storedKey: 'v2z40PRzZjvVWsZs37/lXgMBbu0DqbvornWtW3bUaYA=',
        serverKey: 'ievJfriURAbKDLB1ACJ0GenIzdDFDXgj8nWDxKlme5s='
      }
    },
    roles: [ { role: 'root', db: 'admin' } ]
  },
  {
    _id: 'articledb.bobo',
    userId: new UUID("6e81b475-05ec-42ea-9614-9c4d030c86a2"),
    user: 'bobo',
    db: 'articledb',
    credentials: {
      'SCRAM-SHA-1': {
        iterationCount: 10000,
        salt: 'tvGhIF5Csz9mbvzn5Go/QQ==',
        storedKey: 'Tua+UlG3314eAGkxuWukJqKWLgk=',
        serverKey: '0ui5x5yYyW4iXrB8GyO1XmEk8Tk='
      },
      'SCRAM-SHA-256': {
        iterationCount: 15000,
        salt: 'sMgnJrKtemLG5WwqjY1yUYlfA9G9zKaqYht/2w==',
        storedKey: 'C6LeNv7mnWyFkS4vb7t/+bIt9bZOhNpTmKBlvMuKOxU=',
        serverKey: 'JL+HPl9hk9m8nD+VjI9o4Zo7H1gqBxaKGNpPvxQHFTs='
      }
    },
    roles: [ { role: 'readWrite', db: 'articledb' } ]
  }
]
```

重新登陆

查询articledb库中的comment集合的内容：

```
test> use articledb
switched to db articledb
articledb> db.comment.find()
MongoServerError: command find requires authentication

articledb> db.auth("bobo","123456")
{ ok: 1 }
articledb> db.comment.find({}, {userid: 1})
[
  { _id: '1', userid: '1002' },
  { _id: '2', userid: '1005' },
  { _id: '3', userid: '1004' },
  { _id: '4', userid: '1003' },
  { _id: '5', userid: '1003' }
]
```

提示：

这里可能出现错误，说是太多的用户正在认证了。因为我们确实连续登录了两个用户了。 解决方案：退出shell，重新进来登录认证。

- 连接时直接认证

对admin数据库进行登录认证和相关操作：

```
>. ./mongosh --host 127.0.0.1 --port 27017 --authenticationDatabase admin -u myroot -p 123456
Current Mongosh Log ID: 63db6d44670c82f7b5798bef
Connecting to:          mongodb://<credentials>@127.0.0.1:27017/?directConnection=true&serverSelectionTimeoutMS=2000&authSource=admin&appName=mongosh+1.6.2
Using MongoDB:          6.0.4
Using Mongosh:          1.6.2

For mongosh info see: https://docs.mongodb.com/mongodb-shell/

------
   The server generated these startup warnings when booting
   2023-02-02T15:47:39.377+08:00: This server is bound to localhost. Remote systems will be unable to connect to this server. Start the server with --bind_ip <address> to specify which IP addresses it should serve responses from, or with --bind_ip_all to bind to all interfaces. If this behavior is desired, start the server with --bind_ip 127.0.0.1 to disable this warning
------

------
   Enable MongoDB's free cloud-based monitoring service, which will then receive and display
   metrics about your deployment (disk utilization, CPU, operation statistics, etc).

   The monitoring data will be available on a MongoDB website with a unique URL accessible to you
   and anyone you share the URL with. MongoDB may use this information to make product
   improvements and to suggest MongoDB products and deployment options to you.

   To enable free monitoring, run the following command: db.enableFreeMonitoring()
   To permanently disable this reminder, run the following command: db.disableFreeMonitoring()
------
test> show databases
admin      180.00 KiB
article    100.00 KiB
articledb   76.00 KiB
config      60.00 KiB
local       72.00 KiB
```

对articledb数据库进行登录认证和相关操作：

```
.\mongosh --host 127.0.0.1 --port 27017 --authenticationDatabase articledb -u bobo -p 123456
Current Mongosh Log ID: 63db6d7a07ca2c3d22ede70b
Connecting to:          mongodb://<credentials>@127.0.0.1:27017/?directConnection=true&serverSelectionTimeoutMS=2000&authSource=articledb&appName=mongosh+1.6.2
Using MongoDB:          6.0.4
Using Mongosh:          1.6.2

For mongosh info see: https://docs.mongodb.com/mongodb-shell/
test> use articledb
switched to db articledb
articledb> db.comment.find({}, {userid: 1})
[
  { _id: '1', userid: '1002' },
  { _id: '2', userid: '1005' },
  { _id: '3', userid: '1004' },
  { _id: '4', userid: '1003' },
  { _id: '5', userid: '1003' }
]
```

提示：

- `-u` ：用户名
- `-p`：密码
- `--authenticationDatabase `：指定连接到哪个库。当登录是指定用户名密码时，必须指定对应的数据库！



# 其余看mongodb_advance.pdf